// Jest Snapshot v1, https://goo.gl/fbAQLP

exports[`SendMoneyForm should render correctly 1`] = `
<div>
  <h2>
    Send Money
  </h2>
  <div>
    <div
      className="sc-htoDjs iGmIOn"
    >
      <label
        className="sc-dnqmqq dnOdFH"
        htmlFor="name"
      >
        Name
      </label>
      <input
        className="sc-iwsKbI cKMoOp"
        name="name"
        onChange={[Function]}
        placeholder="Ngufan Ivo"
        type="text"
        value=""
      />
    </div>
    <div
      className="sc-htoDjs iGmIOn"
    >
      <label
        className="sc-dnqmqq dnOdFH"
        htmlFor="email"
      >
        E-mail
      </label>
      <input
        className="sc-iwsKbI cKMoOp"
        name="email"
        onChange={[Function]}
        placeholder="orkumaivo@gmail.com"
        type="text"
        value=""
      />
    </div>
  </div>
  <div
    className="sc-htpNat dpiKWT"
  >
    <label
      className="sc-bxivhb QmVXx"
      htmlFor="amount"
    >
      Amount (£)
    </label>
    <input
      className="sc-ifAKCX edMgZq"
      name="amount"
      onChange={[Function]}
      placeholder="3000"
      type="number"
      value="0"
    />
  </div>
  <div
    className="sc-bdVaJa hRQyyH"
  >
    <button
      className="sc-bwzfXH jTJbth"
      disabled={false}
      name="send"
      onClick={[Function]}
    >
      Send Money
    </button>
  </div>
</div>
`;
