// Jest Snapshot v1, https://goo.gl/fbAQLP

exports[`FriendList should render correctly 1`] = `
<ul
  className="sc-htpNat gLXgrZ"
>
  <li
    className="sc-bdVaJa ijehez"
    onClick={[Function]}
  >
    <span>
      ivo
    </span>
    <span />
  </li>
</ul>
`;

exports[`FriendList should render correctly with empty friends 1`] = `
<div
  className="sc-bwzfXH ePOLZx"
>
  No Friends
</div>
`;
