// Jest Snapshot v1, https://goo.gl/fbAQLP

exports[`FriendsInfoForm should render correctly 1`] = `
<div>
  <div
    className="sc-bdVaJa lhoMHm"
  >
    <label
      className="sc-bwzfXH gCFQuH"
      htmlFor="name"
    >
      Name
    </label>
    <input
      className="sc-htpNat ctJJFC"
      name="name"
      onChange={[Function]}
      placeholder="Ngufan Ivo"
      type="text"
      value="barry"
    />
    <span
      className="sc-bxivhb gWykjp"
    >
      name error
    </span>
  </div>
  <div
    className="sc-bdVaJa lhoMHm"
  >
    <label
      className="sc-bwzfXH gCFQuH"
      htmlFor="email"
    >
      E-mail
    </label>
    <input
      className="sc-htpNat ctJJFC"
      name="email"
      onChange={[Function]}
      placeholder="orkumaivo@gmail.com"
      type="text"
      value="milner@gmail.com"
    />
    <span
      className="sc-bxivhb gWykjp"
    >
      email error
    </span>
  </div>
</div>
`;
