// Jest Snapshot v1, https://goo.gl/fbAQLP

exports[`NumberInput component TextInput renders correctly 1`] = `
<div
  className="sc-bdVaJa lhoMHm"
>
  <label
    className="sc-bwzfXH gCFQuH"
    htmlFor="play"
  >
    play
  </label>
  <input
    className="sc-htpNat iCiSUl"
    name="play"
    onChange={[Function]}
    placeholder="play"
    type="text"
    value={0}
  />
</div>
`;
