// Jest Snapshot v1, https://goo.gl/fbAQLP

exports[`SelectedFriendInfo should render correctly 1`] = `
<div
  className="sc-bdVaJa ckOkmQ"
  onClick={[Function]}
>
  <label
    className="sc-bwzfXH elRDCf"
  >
    name
  </label>
  ivo
  <label
    className="sc-bwzfXH elRDCf"
  >
    email
  </label>
  3
</div>
`;
