// Jest Snapshot v1, https://goo.gl/fbAQLP

exports[`Transactions should render correctly 1`] = `
<table
  className="sc-bdVaJa eXCjPS"
>
  <thead>
    <tr>
      <th
        className="sc-bwzfXH VDOjF"
      >
        Name
      </th>
      <th
        className="sc-bwzfXH VDOjF"
      >
        Email
      </th>
      <th
        className="sc-bwzfXH VDOjF"
      >
        Amount
      </th>
      <th
        className="sc-bwzfXH VDOjF"
      >
        Date
      </th>
    </tr>
  </thead>
  <tbody />
</table>
`;
